2025-06-06 20:57:55,317 - src.ultibot_ui.windows.dashboard_view - WARNING - [MainThread] - dashboard_view.py:198 - DashboardView: Carga paralela de componentes asíncronos principales completada, PERO con errores en uno o más componentes.
2025-06-06 20:57:55,317 - asyncio - DEBUG - [Dummy-14] - selector_events.py:64 - Using selector: SelectSelector
2025-06-06 20:57:55,319 - src.ultibot_ui.windows.dashboard_view - INFO - [MainThread] - dashboard_view.py:205 - DashboardView: Emitiendo initialization_complete. Estado de carga exitosa: False
2025-06-06 20:57:55,319 - src.ultibot_ui.windows.main_window - INFO - [MainThread] - main_window.py:512 - MainWindow: _on_dashboard_initialized INVOCADO.
2025-06-06 20:57:55,320 - src.ultibot_ui.windows.main_window - INFO - [MainThread] - main_window.py:513 - MainWindow: DashboardView inicializado. Cargando estrategias...
2025-06-06 20:57:55,320 - httpx - DEBUG - [MainThread] - _config.py:82 - load_ssl_context verify=True cert=None trust_env=True http2=False
2025-06-06 20:57:55,320 - httpx - DEBUG - [Dummy-14] - _config.py:82 - load_ssl_context verify=True cert=None trust_env=True http2=False
2025-06-06 20:57:55,321 - httpx - DEBUG - [MainThread] - _config.py:148 - load_verify_locations cafile='C:\\Users\\zamor\\UltiBotInversiones\\.venv\\Lib\\site-packages\\certifi\\cacert.pem'
2025-06-06 20:57:55,321 - httpx - DEBUG - [Dummy-14] - _config.py:148 - load_verify_locations cafile='C:\\Users\\zamor\\UltiBotInversiones\\.venv\\Lib\\site-packages\\certifi\\cacert.pem'
2025-06-06 20:57:55,565 - src.ultibot_ui.services.api_client - INFO - [MainThread] - api_client.py:359 - Obteniendo todas las configuraciones de estrategias.
2025-06-06 20:57:55,565 - src.ultibot_ui.services.api_client - DEBUG - [MainThread] - api_client.py:79 - APIClient: _make_request_invoked for GET /api/v1/strategies
2025-06-06 20:57:55,567 - httpcore.connection - DEBUG - [MainThread] - _trace.py:87 - connect_tcp.started host='localhost' port=8000 local_address=None timeout=30.0 socket_options=None
2025-06-06 20:57:55,567 - qasync.QThreadExecutor - DEBUG - [MainThread] - __init__.py:201 - Submitting callback <function getaddrinfo at 0x00000189DF044E00> with args (b'localhost', 8000, <AddressFamily.AF_UNSPEC: 0>, <SocketKind.SOCK_STREAM: 1>, 0, 0) and kwargs {} to thread worker queue
2025-06-06 20:57:55,567 - qasync._QThreadWorker - DEBUG - [Dummy-15] - __init__.py:135 - #1 got callback <function getaddrinfo at 0x00000189DF044E00> with args (b'localhost', 8000, <AddressFamily.AF_UNSPEC: 0>, <SocketKind.SOCK_STREAM: 1>, 0, 0) and kwargs {} from queue
2025-06-06 20:57:55,567 - qasync._QThreadWorker - DEBUG - [Dummy-15] - __init__.py:143 - Invoking callback
2025-06-06 20:57:55,568 - qasync._QThreadWorker - DEBUG - [Dummy-15] - __init__.py:150 - Setting Future result: [(<AddressFamily.AF_INET6: 23>, <SocketKind.SOCK_STREAM: 1>, 0, '', ('::1', 8000, 0, 0)), (<AddressFamily.AF_INET: 2>, <SocketKind.SOCK_STREAM: 1>, 0, '', ('127.0.0.1', 8000))]
2025-06-06 20:57:55,571 - src.ultibot_ui.services.api_client - INFO - [Dummy-14] - api_client.py:266 - Obteniendo configuración de usuario.
2025-06-06 20:57:55,571 - src.ultibot_ui.services.api_client - DEBUG - [Dummy-14] - api_client.py:79 - APIClient: _make_request_invoked for GET /api/v1/config
2025-06-06 20:57:55,572 - httpcore.connection - DEBUG - [Dummy-14] - _trace.py:87 - connect_tcp.started host='localhost' port=8000 local_address=None timeout=30.0 socket_options=None
2025-06-06 20:57:55,819 - httpcore.connection - DEBUG - [MainThread] - _trace.py:87 - connect_tcp.complete return_value=<httpcore._backends.anyio.AnyIOStream object at 0x000001899918A970>
2025-06-06 20:57:55,819 - httpcore.http11 - DEBUG - [MainThread] - _trace.py:87 - send_request_headers.started request=<Request [b'GET']>
2025-06-06 20:57:55,820 - httpcore.http11 - DEBUG - [MainThread] - _trace.py:87 - send_request_headers.complete
2025-06-06 20:57:55,820 - httpcore.http11 - DEBUG - [MainThread] - _trace.py:87 - send_request_body.started request=<Request [b'GET']>
2025-06-06 20:57:55,820 - httpcore.http11 - DEBUG - [MainThread] - _trace.py:87 - send_request_body.complete
2025-06-06 20:57:55,820 - httpcore.http11 - DEBUG - [MainThread] - _trace.py:87 - receive_response_headers.started request=<Request [b'GET']>
2025-06-06 20:57:55,833 - httpcore.connection - DEBUG - [Dummy-14] - _trace.py:87 - connect_tcp.complete return_value=<httpcore._backends.anyio.AnyIOStream object at 0x000001899918B3F0>
2025-06-06 20:57:55,833 - httpcore.http11 - DEBUG - [Dummy-14] - _trace.py:87 - send_request_headers.started request=<Request [b'GET']>
2025-06-06 20:57:55,833 - httpcore.http11 - DEBUG - [Dummy-14] - _trace.py:87 - send_request_headers.complete
2025-06-06 20:57:55,833 - httpcore.http11 - DEBUG - [Dummy-14] - _trace.py:87 - send_request_body.started request=<Request [b'GET']>
2025-06-06 20:57:55,833 - httpcore.http11 - DEBUG - [Dummy-14] - _trace.py:87 - send_request_body.complete
2025-06-06 20:57:55,833 - httpcore.http11 - DEBUG - [Dummy-14] - _trace.py:87 - receive_response_headers.started request=<Request [b'GET']>
2025-06-06 20:57:55,835 - httpcore.http11 - DEBUG - [Dummy-14] - _trace.py:87 - receive_response_headers.complete return_value=(b'HTTP/1.1', 200, b'OK', [(b'date', b'Sat, 07 Jun 2025 00:57:54 GMT'), (b'server', b'uvicorn'), (b'content-length', b'1001'), (b'content-type', b'application/json')])
2025-06-06 20:57:55,835 - httpx - INFO - [Dummy-14] - _client.py:1786 - HTTP Request: GET http://localhost:8000/api/v1/config "HTTP/1.1 200 OK"
2025-06-06 20:57:55,835 - httpcore.http11 - DEBUG - [Dummy-14] - _trace.py:87 - receive_response_body.started request=<Request [b'GET']>
2025-06-06 20:57:55,835 - httpcore.http11 - DEBUG - [Dummy-14] - _trace.py:87 - receive_response_body.complete
2025-06-06 20:57:55,835 - httpcore.http11 - DEBUG - [Dummy-14] - _trace.py:87 - response_closed.started
2025-06-06 20:57:55,835 - httpcore.http11 - DEBUG - [Dummy-14] - _trace.py:87 - response_closed.complete
2025-06-06 20:57:55,836 - src.ultibot_ui.services.api_client - INFO - [Dummy-14] - api_client.py:58 - Cerrando httpx.AsyncClient...
2025-06-06 20:57:55,836 - httpcore.connection - DEBUG - [Dummy-14] - _trace.py:87 - close.started
2025-06-06 20:57:55,836 - src.ultibot_ui.widgets.market_data_widget - INFO - [MainThread] - market_data_widget.py:175 - Configuración cargada: Pares seleccionados: ['BTC/USDT', 'ETH/USDT'], Intervalo: 30000ms
2025-06-06 20:57:55,836 - httpcore.connection - DEBUG - [Dummy-14] - _trace.py:87 - close.complete
2025-06-06 20:57:55,836 - src.ultibot_ui.widgets.market_data_widget - INFO - [MainThread] - market_data_widget.py:236 - Actualizando datos de tickers para: ['BTC/USDT', 'ETH/USDT'] (refactorizado)
2025-06-06 20:57:55,836 - src.ultibot_ui.services.api_client - INFO - [Dummy-14] - api_client.py:60 - httpx.AsyncClient cerrado.
2025-06-06 20:57:55,836 - src.ultibot_ui.workers - DEBUG - [MainThread] - workers.py:31 - ApiWorker initialized with base_url: http://localhost:8000, token: absent, coroutine_factory: set
2025-06-06 20:57:55,836 - src.ultibot_ui.widgets.market_data_widget - INFO - [MainThread] - market_data_widget.py:248 - update_tickers_data: Llamada a get_ticker_data programada.
2025-06-06 20:57:55,837 - asyncio - DEBUG - [Dummy-16] - selector_events.py:64 - Using selector: SelectSelector
2025-06-06 20:57:55,837 - httpx - DEBUG - [Dummy-16] - _config.py:82 - load_ssl_context verify=True cert=None trust_env=True http2=False
2025-06-06 20:57:55,838 - httpx - DEBUG - [Dummy-16] - _config.py:148 - load_verify_locations cafile='C:\\Users\\zamor\\UltiBotInversiones\\.venv\\Lib\\site-packages\\certifi\\cacert.pem'
2025-06-06 20:57:56,010 - src.ultibot_ui.services.api_client - INFO - [Dummy-16] - api_client.py:654 - Obteniendo datos de ticker para usuario 00000000-0000-0000-0000-000000000000 y símbolos: ['BTC/USDT', 'ETH/USDT']
2025-06-06 20:57:56,010 - src.ultibot_ui.services.api_client - DEBUG - [Dummy-16] - api_client.py:79 - APIClient: _make_request_invoked for GET /api/v1/market/tickers
2025-06-06 20:57:56,010 - httpcore.connection - DEBUG - [Dummy-16] - _trace.py:87 - connect_tcp.started host='localhost' port=8000 local_address=None timeout=30.0 socket_options=None
2025-06-06 20:57:56,142 - src.ultibot_ui.widgets.paper_trading_report_widget - ERROR - [MainThread] - paper_trading_report_widget.py:483 - Error mostrado al usuario: Error cargando datos: APIError(status_code=404, message='API request failed with status 404: {"detail":"Not Found"}', response_json={'detail': 'Not Found'})
2025-06-06 20:57:56,269 - httpcore.connection - DEBUG - [Dummy-16] - _trace.py:87 - connect_tcp.complete return_value=<httpcore._backends.anyio.AnyIOStream object at 0x000001899578F110>
2025-06-06 20:57:56,270 - httpcore.http11 - DEBUG - [Dummy-16] - _trace.py:87 - send_request_headers.started request=<Request [b'GET']>
2025-06-06 20:57:56,270 - httpcore.http11 - DEBUG - [Dummy-16] - _trace.py:87 - send_request_headers.complete
2025-06-06 20:57:56,270 - httpcore.http11 - DEBUG - [Dummy-16] - _trace.py:87 - send_request_body.started request=<Request [b'GET']>
2025-06-06 20:57:56,270 - httpcore.http11 - DEBUG - [Dummy-16] - _trace.py:87 - send_request_body.complete
2025-06-06 20:57:56,270 - httpcore.http11 - DEBUG - [Dummy-16] - _trace.py:87 - receive_response_headers.started request=<Request [b'GET']>
2025-06-06 20:57:57,206 - httpcore.http11 - DEBUG - [Dummy-16] - _trace.py:87 - receive_response_headers.complete return_value=(b'HTTP/1.1', 200, b'OK', [(b'date', b'Sat, 07 Jun 2025 00:57:56 GMT'), (b'server', b'uvicorn'), (b'content-length', b'206'), (b'content-type', b'application/json')])
2025-06-06 20:57:57,206 - httpx - INFO - [Dummy-16] - _client.py:1786 - HTTP Request: GET http://localhost:8000/api/v1/market/tickers?user_id=00000000-0000-0000-0000-000000000000&symbols=BTC%2FUSDT%2CETH%2FUSDT "HTTP/1.1 200 OK"
2025-06-06 20:57:57,206 - httpcore.http11 - DEBUG - [Dummy-16] - _trace.py:87 - receive_response_body.started request=<Request [b'GET']>
2025-06-06 20:57:57,206 - httpcore.http11 - DEBUG - [Dummy-16] - _trace.py:87 - receive_response_body.complete
2025-06-06 20:57:57,206 - httpcore.http11 - DEBUG - [Dummy-16] - _trace.py:87 - response_closed.started
2025-06-06 20:57:57,207 - httpcore.http11 - DEBUG - [Dummy-16] - _trace.py:87 - response_closed.complete
2025-06-06 20:57:57,207 - src.ultibot_ui.services.api_client - INFO - [Dummy-16] - api_client.py:58 - Cerrando httpx.AsyncClient...
2025-06-06 20:57:57,207 - httpcore.connection - DEBUG - [Dummy-16] - _trace.py:87 - close.started
2025-06-06 20:57:57,207 - httpcore.connection - DEBUG - [Dummy-16] - _trace.py:87 - close.complete
2025-06-06 20:57:57,207 - src.ultibot_ui.services.api_client - INFO - [Dummy-16] - api_client.py:60 - httpx.AsyncClient cerrado.
2025-06-06 20:57:57,209 - src.ultibot_ui.widgets.market_data_widget - INFO - [MainThread] - market_data_widget.py:233 - Datos de tickers actualizados en la tabla.
2025-06-06 20:57:57,388 - qasync._windows._EventPoller - DEBUG - [MainThread] - _windows.py:218 - Stopping worker thread...
2025-06-06 20:57:57,393 - qasync._windows._EventWorker - DEBUG - [Dummy-1] - _windows.py:201 - Exiting thread
2025-06-06 20:57:57,395 - qasync._windows._EventPoller - DEBUG - [MainThread] - _windows.py:213 - Starting (proactor: <_IocpProactor overlapped#=1 result#=0>)...
2025-06-06 20:57:57,396 - qasync._windows._EventWorker - DEBUG - [Dummy-17] - _windows.py:192 - Thread started
2025-06-06 20:57:57,396 - __main__ - INFO - [MainThread] - main.py:572 - Cleaning up resources...
2025-06-06 20:57:57,502 - __main__ - INFO - [MainThread] - main.py:581 - Cleanup complete.
2025-06-06 20:57:57,503 - qasync._windows._EventPoller - DEBUG - [MainThread] - _windows.py:218 - Stopping worker thread...
2025-06-06 20:57:57,518 - qasync._windows._EventWorker - DEBUG - [Dummy-17] - _windows.py:201 - Exiting thread
2025-06-06 20:57:57,518 - qasync.QThreadExecutor - DEBUG - [MainThread] - __init__.py:219 - Shutting down
2025-06-06 20:57:57,518 - qasync._QThreadWorker - DEBUG - [MainThread] - __init__.py:158 - Waiting for thread #1 to stop...
2025-06-06 20:57:57,519 - qasync._QThreadWorker - DEBUG - [Dummy-18] - __init__.py:155 - Thread #5 stopped
2025-06-06 20:57:57,519 - qasync._QThreadWorker - DEBUG - [Dummy-19] - __init__.py:155 - Thread #6 stopped
2025-06-06 20:57:57,519 - qasync._QThreadWorker - DEBUG - [Dummy-20] - __init__.py:155 - Thread #3 stopped
2025-06-06 20:57:57,519 - qasync._QThreadWorker - DEBUG - [Dummy-21] - __init__.py:155 - Thread #7 stopped
2025-06-06 20:57:57,519 - qasync._QThreadWorker - DEBUG - [Dummy-22] - __init__.py:155 - Thread #8 stopped
2025-06-06 20:57:57,519 - qasync._QThreadWorker - DEBUG - [Dummy-23] - __init__.py:155 - Thread #4 stopped
2025-06-06 20:57:57,519 - qasync._QThreadWorker - DEBUG - [Dummy-15] - __init__.py:155 - Thread #1 stopped
2025-06-06 20:57:57,519 - qasync._QThreadWorker - DEBUG - [Dummy-24] - __init__.py:155 - Thread #9 stopped
2025-06-06 20:57:57,519 - qasync._QThreadWorker - DEBUG - [Dummy-25] - __init__.py:155 - Thread #10 stopped
2025-06-06 20:57:57,519 - qasync._QThreadWorker - DEBUG - [Dummy-26] - __init__.py:155 - Thread #2 stopped
2025-06-06 20:57:57,520 - qasync._QThreadWorker - DEBUG - [MainThread] - __init__.py:158 - Waiting for thread #2 to stop...
2025-06-06 20:57:57,520 - qasync._QThreadWorker - DEBUG - [MainThread] - __init__.py:158 - Waiting for thread #3 to stop...
2025-06-06 20:57:57,520 - qasync._QThreadWorker - DEBUG - [MainThread] - __init__.py:158 - Waiting for thread #4 to stop...
2025-06-06 20:57:57,520 - qasync._QThreadWorker - DEBUG - [MainThread] - __init__.py:158 - Waiting for thread #5 to stop...
2025-06-06 20:57:57,520 - qasync._QThreadWorker - DEBUG - [MainThread] - __init__.py:158 - Waiting for thread #6 to stop...
2025-06-06 20:57:57,520 - qasync._QThreadWorker - DEBUG - [MainThread] - __init__.py:158 - Waiting for thread #7 to stop...
2025-06-06 20:57:57,520 - qasync._QThreadWorker - DEBUG - [MainThread] - __init__.py:158 - Waiting for thread #8 to stop...
2025-06-06 20:57:57,520 - qasync._QThreadWorker - DEBUG - [MainThread] - __init__.py:158 - Waiting for thread #9 to stop...
2025-06-06 20:57:57,520 - qasync._QThreadWorker - DEBUG - [MainThread] - __init__.py:158 - Waiting for thread #10 to stop...
2025-06-06 20:57:57,520 - qasync._windows._IocpProactor - DEBUG - [MainThread] - _windows.py:75 - Closing
2025-06-06 20:57:57,520 - __main__ - INFO - [MainThread] - main.py:681 - Exiting with code 0
2025-06-06 20:57:57,576 - qasync._QEventLoop - ERROR - [MainThread] - __init__.py:736 - Task was destroyed but it is pending!
task: <Task pending name='Task-27' coro=<PortfolioWidget._start_update_worker.<locals>._get_empty_data() running at C:\Users\zamor\UltiBotInversiones\src\ultibot_ui\widgets\portfolio_widget.py:445> cb=[PortfolioWidget._start_update_worker.<locals>.<lambda>() at C:\Users\zamor\UltiBotInversiones\src\ultibot_ui\widgets\portfolio_widget.py:456]>
2025-06-06 20:57:57,577 - qasync._QEventLoop - ERROR - [MainThread] - __init__.py:736 - Task was destroyed but it is pending!
task: <Task pending name='Task-23' coro=<PortfolioWidget._start_update_worker.<locals>._get_empty_data() running at C:\Users\zamor\UltiBotInversiones\src\ultibot_ui\widgets\portfolio_widget.py:445> cb=[PortfolioWidget._start_update_worker.<locals>.<lambda>() at C:\Users\zamor\UltiBotInversiones\src\ultibot_ui\widgets\portfolio_widget.py:456]>
2025-06-06 20:58:08,303 - asyncio - DEBUG - [MainThread] - proactor_events.py:631 - Using proactor: _IocpProactor
2025-06-06 20:58:08,305 - qasync._windows._EventPoller - DEBUG - [MainThread] - _windows.py:213 - Starting (proactor: <_IocpProactor overlapped#=0 result#=0>)...
2025-06-06 20:58:08,305 - qasync._windows._EventWorker - DEBUG - [Dummy-1] - _windows.py:192 - Thread started
2025-06-06 20:58:08,305 - __main__ - INFO - [MainThread] - main.py:516 - QApplication instance confirmed.
2025-06-06 20:58:08,309 - qdarkstyle - DEBUG - [MainThread] - __init__.py:260 - Reading QSS file in: :qdarkstyle\dark\darkstyle.qss
2025-06-06 20:58:08,309 - qdarkstyle - INFO - [MainThread] - __init__.py:270 - QSS file successfully loaded.
2025-06-06 20:58:08,309 - qdarkstyle - DEBUG - [MainThread] - __init__.py:277 - Checking patches for being applied.
2025-06-06 20:58:08,330 - qdarkstyle - INFO - [MainThread] - __init__.py:173 - Found version patches to be applied.
2025-06-06 20:58:08,331 - qdarkstyle - INFO - [MainThread] - __init__.py:193 - Found application patches to be applied.
2025-06-06 20:58:08,331 - __main__ - INFO - [MainThread] - main.py:501 - Applied dark theme to the application.
2025-06-06 20:58:08,331 - __main__ - INFO - [MainThread] - main.py:599 - Skipping login dialog for development.
2025-06-06 20:58:08,331 - __main__ - INFO - [MainThread] - main.py:607 - Auth token found in environment. Proceeding directly to main application.
2025-06-06 20:58:08,331 - httpx - DEBUG - [MainThread] - _config.py:82 - load_ssl_context verify=True cert=None trust_env=True http2=False
2025-06-06 20:58:08,332 - httpx - DEBUG - [MainThread] - _config.py:148 - load_verify_locations cafile='C:\\Users\\zamor\\UltiBotInversiones\\.venv\\Lib\\site-packages\\certifi\\cacert.pem'
2025-06-06 20:58:08,512 - __main__ - INFO - [MainThread] - main.py:521 - Core services can be initialized.
2025-06-06 20:58:08,513 - src.ultibot_ui.services.api_client - INFO - [MainThread] - api_client.py:58 - Cerrando httpx.AsyncClient...
2025-06-06 20:58:08,520 - src.ultibot_ui.services.api_client - INFO - [MainThread] - api_client.py:60 - httpx.AsyncClient cerrado.
2025-06-06 20:58:08,520 - __main__ - INFO - [MainThread] - main.py:612 - Fetching user configuration...
2025-06-06 20:58:08,520 - __main__ - INFO - [MainThread] - main.py:533 - Fetching user configuration for 00000000-0000-0000-0000-000000000000...
2025-06-06 20:58:08,520 - src.ultibot_ui.workers - DEBUG - [MainThread] - workers.py:31 - ApiWorker initialized with base_url: http://localhost:8000, token: present, coroutine_factory: set
2025-06-06 20:58:08,521 - asyncio - DEBUG - [Dummy-2] - selector_events.py:64 - Using selector: SelectSelector
2025-06-06 20:58:08,522 - httpx - DEBUG - [Dummy-2] - _config.py:82 - load_ssl_context verify=True cert=None trust_env=True http2=False
2025-06-06 20:58:08,522 - httpx - DEBUG - [Dummy-2] - _config.py:148 - load_verify_locations cafile='C:\\Users\\zamor\\UltiBotInversiones\\.venv\\Lib\\site-packages\\certifi\\cacert.pem'
2025-06-06 20:58:08,690 - src.ultibot_ui.services.api_client - INFO - [Dummy-2] - api_client.py:266 - Obteniendo configuración de usuario.
2025-06-06 20:58:08,690 - src.ultibot_ui.services.api_client - DEBUG - [Dummy-2] - api_client.py:79 - APIClient: _make_request_invoked for GET /api/v1/config
2025-06-06 20:58:08,691 - httpcore.connection - DEBUG - [Dummy-2] - _trace.py:87 - connect_tcp.started host='localhost' port=8000 local_address=None timeout=30.0 socket_options=None
2025-06-06 20:58:08,948 - httpcore.connection - DEBUG - [Dummy-2] - _trace.py:87 - connect_tcp.complete return_value=<httpcore._backends.anyio.AnyIOStream object at 0x0000021029401160>
2025-06-06 20:58:08,948 - httpcore.http11 - DEBUG - [Dummy-2] - _trace.py:87 - send_request_headers.started request=<Request [b'GET']>
2025-06-06 20:58:08,948 - httpcore.http11 - DEBUG - [Dummy-2] - _trace.py:87 - send_request_headers.complete
2025-06-06 20:58:08,949 - httpcore.http11 - DEBUG - [Dummy-2] - _trace.py:87 - send_request_body.started request=<Request [b'GET']>
2025-06-06 20:58:08,949 - httpcore.http11 - DEBUG - [Dummy-2] - _trace.py:87 - send_request_body.complete
2025-06-06 20:58:08,949 - httpcore.http11 - DEBUG - [Dummy-2] - _trace.py:87 - receive_response_headers.started request=<Request [b'GET']>
2025-06-06 20:58:08,950 - httpcore.http11 - DEBUG - [Dummy-2] - _trace.py:87 - receive_response_headers.complete return_value=(b'HTTP/1.1', 200, b'OK', [(b'date', b'Sat, 07 Jun 2025 00:58:08 GMT'), (b'server', b'uvicorn'), (b'content-length', b'1001'), (b'content-type', b'application/json')])
2025-06-06 20:58:08,951 - httpx - INFO - [Dummy-2] - _client.py:1786 - HTTP Request: GET http://localhost:8000/api/v1/config "HTTP/1.1 200 OK"
2025-06-06 20:58:08,951 - httpcore.http11 - DEBUG - [Dummy-2] - _trace.py:87 - receive_response_body.started request=<Request [b'GET']>
2025-06-06 20:58:08,951 - httpcore.http11 - DEBUG - [Dummy-2] - _trace.py:87 - receive_response_body.complete
2025-06-06 20:58:08,951 - httpcore.http11 - DEBUG - [Dummy-2] - _trace.py:87 - response_closed.started
2025-06-06 20:58:08,951 - httpcore.http11 - DEBUG - [Dummy-2] - _trace.py:87 - response_closed.complete
2025-06-06 20:58:08,951 - src.ultibot_ui.services.api_client - INFO - [Dummy-2] - api_client.py:58 - Cerrando httpx.AsyncClient...
2025-06-06 20:58:08,951 - httpcore.connection - DEBUG - [Dummy-2] - _trace.py:87 - close.started
2025-06-06 20:58:08,965 - httpcore.connection - DEBUG - [Dummy-2] - _trace.py:87 - close.complete
2025-06-06 20:58:08,965 - src.ultibot_ui.services.api_client - INFO - [Dummy-2] - api_client.py:60 - httpx.AsyncClient cerrado.
2025-06-06 20:58:09,220 - src.ultibot_ui.services.trading_mode_state - INFO - [MainThread] - trading_mode_state.py:68 - TradingModeStateManager initialized with mode: paper
2025-06-06 20:58:09,220 - src.ultibot_ui.services.trading_mode_state - INFO - [MainThread] - trading_mode_state.py:226 - Created global trading mode state manager
2025-06-06 20:58:09,221 - src.ultibot_ui.widgets.trading_mode_selector - INFO - [MainThread] - trading_mode_selector.py:55 - TradingModeSelector initialized with style: toggle
2025-06-06 20:58:09,248 - src.ultibot_ui.widgets.portfolio_widget - INFO - [MainThread] - portfolio_widget.py:406 - Timer de actualización del portafolio iniciado.
2025-06-06 20:58:09,263 - src.ultibot_ui.widgets.portfolio_widget - INFO - [MainThread] - portfolio_widget.py:433 - Actualizando datos del portafolio para modo: paper
2025-06-06 20:58:09,270 - src.ultibot_ui.widgets.chart_widget - INFO - [MainThread] - chart_widget.py:99 - Solicitando datos para BTCUSDT - 1h usando ApiWorker
2025-06-06 20:58:09,270 - src.ultibot_ui.workers - DEBUG - [MainThread] - workers.py:31 - ApiWorker initialized with base_url: http://localhost:8000, token: absent, coroutine_factory: set
2025-06-06 20:58:09,274 - asyncio - DEBUG - [Dummy-3] - selector_events.py:64 - Using selector: SelectSelector
2025-06-06 20:58:09,275 - httpx - DEBUG - [Dummy-3] - _config.py:82 - load_ssl_context verify=True cert=None trust_env=True http2=False
2025-06-06 20:58:09,275 - httpx - DEBUG - [Dummy-3] - _config.py:148 - load_verify_locations cafile='C:\\Users\\zamor\\UltiBotInversiones\\.venv\\Lib\\site-packages\\certifi\\cacert.pem'
2025-06-06 20:58:09,284 - httpx - DEBUG - [MainThread] - _config.py:82 - load_ssl_context verify=True cert=None trust_env=True http2=False
2025-06-06 20:58:09,285 - httpx - DEBUG - [MainThread] - _config.py:148 - load_verify_locations cafile='C:\\Users\\zamor\\UltiBotInversiones\\.venv\\Lib\\site-packages\\certifi\\cacert.pem'
2025-06-06 20:58:09,531 - src.ultibot_ui.services.api_client - INFO - [Dummy-3] - api_client.py:694 - Obteniendo datos de velas para BTCUSDT (1h) con parámetros: {'user_id': '00000000-0000-0000-0000-000000000000', 'symbol': 'BTCUSDT', 'interval': '1h', 'limit': 200}
2025-06-06 20:58:09,531 - src.ultibot_ui.services.api_client - DEBUG - [Dummy-3] - api_client.py:79 - APIClient: _make_request_invoked for GET /api/v1/market/klines
2025-06-06 20:58:09,532 - httpcore.connection - DEBUG - [Dummy-3] - _trace.py:87 - connect_tcp.started host='localhost' port=8000 local_address=None timeout=30.0 socket_options=None
2025-06-06 20:58:09,545 - src.ultibot_ui.widgets.order_form_widget - INFO - [MainThread] - order_form_widget.py:47 - OrderFormWidget initialized
2025-06-06 20:58:09,568 - src.ultibot_ui.windows.dashboard_view - INFO - [MainThread] - dashboard_view.py:62 - Monitor de oportunidades de trading real iniciado.
2025-06-06 20:58:09,594 - src.ultibot_ui.views.opportunities_view - INFO - [MainThread] - opportunities_view.py:22 - OpportunitiesView: __init__ called.
2025-06-06 20:58:09,594 - src.ultibot_ui.views.opportunities_view - DEBUG - [MainThread] - opportunities_view.py:27 - OpportunitiesView initialized with qasync_loop: <QIOCPEventLoop running=True closed=False debug=False>
2025-06-06 20:58:09,598 - src.ultibot_ui.views.opportunities_view - INFO - [MainThread] - opportunities_view.py:109 - OpportunitiesView: _load_initial_data called.
2025-06-06 20:58:09,598 - src.ultibot_ui.views.opportunities_view - INFO - [MainThread] - opportunities_view.py:111 - OpportunitiesView: Setting up QTimer.singleShot for _fetch_opportunities in 0.1s.
2025-06-06 20:58:09,598 - src.ultibot_ui.views.opportunities_view - INFO - [MainThread] - opportunities_view.py:113 - OpportunitiesView: QTimer.singleShot for _fetch_opportunities has been set.
2025-06-06 20:58:09,605 - src.ultibot_ui.workers - DEBUG - [MainThread] - workers.py:31 - ApiWorker initialized with base_url: <function StrategyManagementView.cargar_estrategias.<locals>.<lambda> at 0x000002102941D300>, token: absent, coroutine_factory: set
2025-06-06 20:58:09,622 - httpx - DEBUG - [MainThread] - _config.py:82 - load_ssl_context verify=True cert=None trust_env=True http2=False
2025-06-06 20:58:09,622 - httpx - DEBUG - [MainThread] - _config.py:148 - load_verify_locations cafile='C:\\Users\\zamor\\UltiBotInversiones\\.venv\\Lib\\site-packages\\certifi\\cacert.pem'
2025-06-06 20:58:09,793 - httpcore.connection - DEBUG - [Dummy-3] - _trace.py:87 - connect_tcp.complete return_value=<httpcore._backends.anyio.AnyIOStream object at 0x00000210293F2990>
2025-06-06 20:58:09,794 - httpcore.http11 - DEBUG - [Dummy-3] - _trace.py:87 - send_request_headers.started request=<Request [b'GET']>
2025-06-06 20:58:09,794 - httpcore.http11 - DEBUG - [Dummy-3] - _trace.py:87 - send_request_headers.complete
2025-06-06 20:58:09,794 - httpcore.http11 - DEBUG - [Dummy-3] - _trace.py:87 - send_request_body.started request=<Request [b'GET']>
2025-06-06 20:58:09,794 - httpcore.http11 - DEBUG - [Dummy-3] - _trace.py:87 - send_request_body.complete
2025-06-06 20:58:09,794 - httpcore.http11 - DEBUG - [Dummy-3] - _trace.py:87 - receive_response_headers.started request=<Request [b'GET']>
2025-06-06 20:58:09,812 - asyncio - DEBUG - [Dummy-4] - selector_events.py:64 - Using selector: SelectSelector
2025-06-06 20:58:09,813 - asyncio - DEBUG - [Dummy-5] - selector_events.py:64 - Using selector: SelectSelector
2025-06-06 20:58:09,814 - src.ultibot_ui.services.api_client - INFO - [Dummy-5] - api_client.py:152 - Obteniendo historial de paper trading con filtros: {'trading_mode': 'paper', 'limit': 500, 'offset': 0, 'date_from': '2025-05-07', 'date_to': '2025-06-06'}
2025-06-06 20:58:09,814 - src.ultibot_ui.services.api_client - DEBUG - [Dummy-5] - api_client.py:79 - APIClient: _make_request_invoked for GET /api/v1/trades/
2025-06-06 20:58:09,814 - httpcore.connection - DEBUG - [Dummy-5] - _trace.py:87 - connect_tcp.started host='localhost' port=8000 local_address=None timeout=30.0 socket_options=None
2025-06-06 20:58:09,815 - src.ultibot_ui.services.api_client - INFO - [Dummy-4] - api_client.py:187 - Obteniendo métricas de rendimiento de paper trading con filtros: {'start_date': '2025-05-07T00:00:00', 'end_date': '2025-06-06T23:59:59.999999'}
2025-06-06 20:58:09,815 - src.ultibot_ui.services.api_client - DEBUG - [Dummy-4] - api_client.py:79 - APIClient: _make_request_invoked for GET /api/v1/portfolio/paper/performance_summary
2025-06-06 20:58:09,815 - httpcore.connection - DEBUG - [Dummy-4] - _trace.py:87 - connect_tcp.started host='localhost' port=8000 local_address=None timeout=30.0 socket_options=None
2025-06-06 20:58:09,825 - src.ultibot_ui.windows.history_view - INFO - [MainThread] - history_view.py:32 - HistoryView inicializada para usuario 00000000-0000-0000-0000-000000000000
2025-06-06 20:58:09,832 - src.ultibot_ui.windows.main_window - INFO - [MainThread] - main_window.py:408 - Central widget y vistas configuradas.
2025-06-06 20:58:09,832 - src.ultibot_ui.windows.main_window - INFO - [MainThread] - main_window.py:408 - MainWindow inicializada y visible.
2025-06-06 20:58:10,003 - src.ultibot_ui.views.portfolio_view - INFO - [MainThread] - portfolio_view.py:129 - PortfolioView: Fetching portfolio snapshot.
2025-06-06 20:58:10,003 - src.ultibot_ui.workers - DEBUG - [MainThread] - workers.py:31 - ApiWorker initialized with base_url: <function PortfolioView._fetch_portfolio_data.<locals>.<lambda> at 0x000002102941EA20>, token: absent, coroutine_factory: set
2025-06-06 20:58:10,003 - src.ultibot_ui.views.opportunities_view - INFO - [MainThread] - opportunities_view.py:134 - [TRACE] OpportunitiesView: _fetch_opportunities called. Fetching Gemini IA opportunities.
2025-06-06 20:58:10,003 - src.ultibot_ui.views.opportunities_view - DEBUG - [MainThread] - opportunities_view.py:139 - [TRACE] OpportunitiesView: Attempting to get get_gemini_opportunities coroutine.
2025-06-06 20:58:10,004 - src.ultibot_ui.views.opportunities_view - DEBUG - [MainThread] - opportunities_view.py:147 - OpportunitiesView._start_api_worker: Creating ApiWorker for coroutine_factory.
2025-06-06 20:58:10,004 - src.ultibot_ui.workers - DEBUG - [MainThread] - workers.py:31 - ApiWorker initialized with base_url: <function OpportunitiesView._fetch_opportunities.<locals>.<lambda> at 0x000002102941EA20>, token: absent, coroutine_factory: set
2025-06-06 20:58:10,004 - src.ultibot_ui.views.opportunities_view - DEBUG - [MainThread] - opportunities_view.py:155 - OpportunitiesView._start_api_worker: ApiWorker instance created: <src.ultibot_ui.workers.ApiWorker object at 0x00000210293857F0> with loop <QIOCPEventLoop running=True closed=False debug=False>
2025-06-06 20:58:10,004 - src.ultibot_ui.views.opportunities_view - DEBUG - [MainThread] - opportunities_view.py:157 - OpportunitiesView._start_api_worker: QThread instance created: <PyQt5.QtCore.QThread object at 0x00000210294550A0>
2025-06-06 20:58:10,004 - src.ultibot_ui.views.opportunities_view - DEBUG - [MainThread] - opportunities_view.py:160 - OpportunitiesView._start_api_worker: Worker <src.ultibot_ui.workers.ApiWorker object at 0x00000210293857F0> moved to thread <PyQt5.QtCore.QThread object at 0x00000210294550A0>. Connecting signals...
2025-06-06 20:58:10,004 - src.ultibot_ui.views.opportunities_view - DEBUG - [MainThread] - opportunities_view.py:186 - OpportunitiesView._start_api_worker: Signals connected. Starting thread for worker: <src.ultibot_ui.workers.ApiWorker object at 0x00000210293857F0> on thread: <PyQt5.QtCore.QThread object at 0x00000210294550A0>
2025-06-06 20:58:10,004 - src.ultibot_ui.views.opportunities_view - DEBUG - [MainThread] - opportunities_view.py:188 - OpportunitiesView._start_api_worker: thread.start() called for worker: <src.ultibot_ui.workers.ApiWorker object at 0x00000210293857F0>. IsRunning: True, IsFinished: False
2025-06-06 20:58:10,004 - src.ultibot_ui.windows.settings_view - INFO - [MainThread] - settings_view.py:92 - SettingsView: Iniciando carga de datos iniciales (_load_initial_data).
2025-06-06 20:58:10,004 - src.ultibot_ui.windows.settings_view - INFO - [MainThread] - settings_view.py:97 - SettingsView: Solicitando configuración de usuario general.
2025-06-06 20:58:10,004 - src.ultibot_ui.workers - DEBUG - [MainThread] - workers.py:31 - ApiWorker initialized with base_url: http://localhost:8000, token: absent, coroutine_factory: set
2025-06-06 20:58:10,005 - src.ultibot_ui.windows.settings_view - INFO - [MainThread] - settings_view.py:132 - SettingsView: Solicitando estado de operativa real.
2025-06-06 20:58:10,005 - src.ultibot_ui.workers - DEBUG - [MainThread] - workers.py:31 - ApiWorker initialized with base_url: http://localhost:8000, token: absent, coroutine_factory: set
2025-06-06 20:58:10,005 - root - INFO - [MainThread] - main_window.py:153 - Programando carga inicial de estados de trading con ApiWorker.
2025-06-06 20:58:10,005 - root - INFO - [MainThread] - main_window.py:233 - Iniciando ApiWorker para _load_initial_paper_trading_status.
2025-06-06 20:58:10,005 - src.ultibot_ui.workers - DEBUG - [MainThread] - workers.py:31 - ApiWorker initialized with base_url: http://localhost:8000, token: present, coroutine_factory: set
2025-06-06 20:58:10,005 - root - INFO - [MainThread] - main_window.py:299 - Iniciando ApiWorker para _load_initial_real_trading_status.
2025-06-06 20:58:10,005 - src.ultibot_ui.workers - DEBUG - [MainThread] - workers.py:31 - ApiWorker initialized with base_url: http://localhost:8000, token: present, coroutine_factory: set
2025-06-06 20:58:10,006 - src.ultibot_ui.windows.dashboard_view - INFO - [MainThread] - dashboard_view.py:113 - DashboardView: _initialize_async_components INVOCADO (v5 - Paralelizado)
2025-06-06 20:58:10,006 - src.ultibot_ui.windows.dashboard_view - INFO - [MainThread] - dashboard_view.py:114 - Iniciando carga de componentes asíncronos...
2025-06-06 20:58:10,006 - src.ultibot_ui.windows.dashboard_view - INFO - [MainThread] - dashboard_view.py:122 - DashboardView: Programando carga de notificaciones...
2025-06-06 20:58:10,006 - src.ultibot_ui.workers - DEBUG - [MainThread] - workers.py:31 - ApiWorker initialized with base_url: http://localhost:8000, token: absent, coroutine_factory: set
2025-06-06 20:58:10,006 - src.ultibot_ui.windows.dashboard_view - INFO - [MainThread] - dashboard_view.py:130 - DashboardView: Programando carga de desempeño de estrategias...
2025-06-06 20:58:10,006 - src.ultibot_ui.workers - DEBUG - [MainThread] - workers.py:31 - ApiWorker initialized with base_url: http://localhost:8000, token: absent, coroutine_factory: set
2025-06-06 20:58:10,006 - asyncio - DEBUG - [Dummy-6] - selector_events.py:64 - Using selector: SelectSelector
2025-06-06 20:58:10,006 - src.ultibot_ui.windows.dashboard_view - INFO - [MainThread] - dashboard_view.py:147 - DashboardView: Ejecutando 2 tareas en paralelo...
2025-06-06 20:58:10,006 - asyncio - DEBUG - [Dummy-7] - selector_events.py:64 - Using selector: SelectSelector
2025-06-06 20:58:10,007 - httpx - DEBUG - [Dummy-6] - _config.py:82 - load_ssl_context verify=True cert=None trust_env=True http2=False
2025-06-06 20:58:10,007 - httpx - DEBUG - [Dummy-7] - _config.py:82 - load_ssl_context verify=True cert=None trust_env=True http2=False
2025-06-06 20:58:10,008 - httpx - DEBUG - [Dummy-6] - _config.py:148 - load_verify_locations cafile='C:\\Users\\zamor\\UltiBotInversiones\\.venv\\Lib\\site-packages\\certifi\\cacert.pem'
2025-06-06 20:58:10,008 - httpx - DEBUG - [Dummy-7] - _config.py:148 - load_verify_locations cafile='C:\\Users\\zamor\\UltiBotInversiones\\.venv\\Lib\\site-packages\\certifi\\cacert.pem'
2025-06-06 20:58:10,067 - httpcore.connection - DEBUG - [Dummy-5] - _trace.py:87 - connect_tcp.complete return_value=<httpcore._backends.anyio.AnyIOStream object at 0x0000021029460F50>
2025-06-06 20:58:10,067 - httpcore.http11 - DEBUG - [Dummy-5] - _trace.py:87 - send_request_headers.started request=<Request [b'GET']>
2025-06-06 20:58:10,068 - httpcore.http11 - DEBUG - [Dummy-5] - _trace.py:87 - send_request_headers.complete
2025-06-06 20:58:10,068 - httpcore.http11 - DEBUG - [Dummy-5] - _trace.py:87 - send_request_body.started request=<Request [b'GET']>
2025-06-06 20:58:10,068 - httpcore.http11 - DEBUG - [Dummy-5] - _trace.py:87 - send_request_body.complete
2025-06-06 20:58:10,068 - httpcore.http11 - DEBUG - [Dummy-5] - _trace.py:87 - receive_response_headers.started request=<Request [b'GET']>
2025-06-06 20:58:10,069 - httpcore.http11 - DEBUG - [Dummy-5] - _trace.py:87 - receive_response_headers.complete return_value=(b'HTTP/1.1', 404, b'Not Found', [(b'date', b'Sat, 07 Jun 2025 00:58:09 GMT'), (b'server', b'uvicorn'), (b'content-length', b'22'), (b'content-type', b'application/json')])
2025-06-06 20:58:10,069 - httpx - INFO - [Dummy-5] - _client.py:1786 - HTTP Request: GET http://localhost:8000/api/v1/trades/?trading_mode=paper&limit=500&offset=0&date_from=2025-05-07&date_to=2025-06-06 "HTTP/1.1 404 Not Found"
2025-06-06 20:58:10,069 - httpcore.http11 - DEBUG - [Dummy-5] - _trace.py:87 - receive_response_body.started request=<Request [b'GET']>
2025-06-06 20:58:10,069 - httpcore.http11 - DEBUG - [Dummy-5] - _trace.py:87 - receive_response_body.complete
2025-06-06 20:58:10,069 - httpcore.http11 - DEBUG - [Dummy-5] - _trace.py:87 - response_closed.started
2025-06-06 20:58:10,069 - httpcore.http11 - DEBUG - [Dummy-5] - _trace.py:87 - response_closed.complete
2025-06-06 20:58:10,069 - src.ultibot_ui.services.api_client - ERROR - [Dummy-5] - api_client.py:98 - HTTP error 404 for GET http://localhost:8000/api/v1/trades/: {"detail":"Not Found"}
2025-06-06 20:58:10,070 - src.ultibot_ui.widgets.paper_trading_report_widget - ERROR - [Dummy-5] - paper_trading_report_widget.py:61 - Error loading trades: APIError(status_code=404, message='API request failed with status 404: {"detail":"Not Found"}', response_json={'detail': 'Not Found'})
Traceback (most recent call last):
  File "C:\Users\zamor\UltiBotInversiones\src\ultibot_ui\services\api_client.py", line 91, in _make_request
    response.raise_for_status()
    ~~~~~~~~~~~~~~~~~~~~~~~~~^^
  File "C:\Users\zamor\UltiBotInversiones\.venv\Lib\site-packages\httpx\_models.py", line 763, in raise_for_status
    raise HTTPStatusError(message, request=request, response=self)
httpx.HTTPStatusError: Client error '404 Not Found' for url 'http://localhost:8000/api/v1/trades/?trading_mode=paper&limit=500&offset=0&date_from=2025-05-07&date_to=2025-06-06'
For more information check: https://developer.mozilla.org/en-US/docs/Web/HTTP/Status/404

During handling of the above exception, another exception occurred:

Traceback (most recent call last):
  File "C:\Users\zamor\UltiBotInversiones\src\ultibot_ui\widgets\paper_trading_report_widget.py", line 47, in run
    result = loop.run_until_complete(
        self.api_client.get_paper_trading_history(user_id=self.user_id, **self.kwargs)
    )
  File "C:\Users\zamor\AppData\Local\Programs\Python\Python313\Lib\asyncio\base_events.py", line 725, in run_until_complete
    return future.result()
           ~~~~~~~~~~~~~^^
  File "C:\Users\zamor\UltiBotInversiones\src\ultibot_ui\services\api_client.py", line 155, in get_paper_trading_history
    return await self._make_request(
           ^^^^^^^^^^^^^^^^^^^^^^^^^
    ...<3 lines>...
    )
    ^
  File "C:\Users\zamor\UltiBotInversiones\src\ultibot_ui\services\api_client.py", line 104, in _make_request
    raise APIError(
    ...<3 lines>...
    )
src.ultibot_ui.services.api_client.APIError: APIError(status_code=404, message='API request failed with status 404: {"detail":"Not Found"}', response_json={'detail': 'Not Found'})
2025-06-06 20:58:10,092 - httpcore.connection - DEBUG - [Dummy-4] - _trace.py:87 - connect_tcp.complete return_value=<httpcore._backends.anyio.AnyIOStream object at 0x0000021029474180>
2025-06-06 20:58:10,092 - httpcore.http11 - DEBUG - [Dummy-4] - _trace.py:87 - send_request_headers.started request=<Request [b'GET']>
2025-06-06 20:58:10,092 - httpcore.http11 - DEBUG - [Dummy-4] - _trace.py:87 - send_request_headers.complete
2025-06-06 20:58:10,092 - httpcore.http11 - DEBUG - [Dummy-4] - _trace.py:87 - send_request_body.started request=<Request [b'GET']>
2025-06-06 20:58:10,092 - httpcore.http11 - DEBUG - [Dummy-4] - _trace.py:87 - send_request_body.complete
2025-06-06 20:58:10,092 - httpcore.http11 - DEBUG - [Dummy-4] - _trace.py:87 - receive_response_headers.started request=<Request [b'GET']>
2025-06-06 20:58:10,266 - src.ultibot_ui.services.api_client - INFO - [Dummy-6] - api_client.py:724 - Obteniendo historial de notificaciones para usuario 00000000-0000-0000-0000-000000000000 con paginación: limit=20, offset=0
2025-06-06 20:58:10,266 - src.ultibot_ui.services.api_client - DEBUG - [Dummy-6] - api_client.py:79 - APIClient: _make_request_invoked for GET /api/v1/notifications/history
2025-06-06 20:58:10,266 - httpcore.connection - DEBUG - [Dummy-6] - _trace.py:87 - connect_tcp.started host='localhost' port=8000 local_address=None timeout=30.0 socket_options=None
2025-06-06 20:58:10,267 - src.ultibot_ui.services.api_client - INFO - [Dummy-7] - api_client.py:631 - Obteniendo desempeño de estrategias (usuario implícito por backend) con modo: todos
2025-06-06 20:58:10,267 - src.ultibot_ui.services.api_client - DEBUG - [Dummy-7] - api_client.py:79 - APIClient: _make_request_invoked for GET /api/v1/performance/strategies
2025-06-06 20:58:10,268 - httpcore.connection - DEBUG - [Dummy-7] - _trace.py:87 - connect_tcp.started host='localhost' port=8000 local_address=None timeout=30.0 socket_options=None
2025-06-06 20:58:10,354 - httpcore.http11 - DEBUG - [Dummy-3] - _trace.py:87 - receive_response_headers.complete return_value=(b'HTTP/1.1', 200, b'OK', [(b'date', b'Sat, 07 Jun 2025 00:58:09 GMT'), (b'server', b'uvicorn'), (b'content-length', b'58520'), (b'content-type', b'application/json')])
2025-06-06 20:58:10,354 - httpx - INFO - [Dummy-3] - _client.py:1786 - HTTP Request: GET http://localhost:8000/api/v1/market/klines?user_id=00000000-0000-0000-0000-000000000000&symbol=BTCUSDT&interval=1h&limit=200 "HTTP/1.1 200 OK"
2025-06-06 20:58:10,354 - httpcore.http11 - DEBUG - [Dummy-3] - _trace.py:87 - receive_response_body.started request=<Request [b'GET']>
2025-06-06 20:58:10,354 - httpcore.http11 - DEBUG - [Dummy-3] - _trace.py:87 - receive_response_body.complete
2025-06-06 20:58:10,354 - httpcore.http11 - DEBUG - [Dummy-3] - _trace.py:87 - response_closed.started
2025-06-06 20:58:10,354 - httpcore.http11 - DEBUG - [Dummy-3] - _trace.py:87 - response_closed.complete
2025-06-06 20:58:10,355 - src.ultibot_ui.services.api_client - INFO - [Dummy-3] - api_client.py:58 - Cerrando httpx.AsyncClient...
2025-06-06 20:58:10,355 - httpcore.connection - DEBUG - [Dummy-3] - _trace.py:87 - close.started
2025-06-06 20:58:10,363 - httpcore.connection - DEBUG - [Dummy-3] - _trace.py:87 - close.complete
2025-06-06 20:58:10,363 - src.ultibot_ui.services.api_client - INFO - [Dummy-3] - api_client.py:60 - httpx.AsyncClient cerrado.
2025-06-06 20:58:10,539 - httpcore.connection - DEBUG - [Dummy-6] - _trace.py:87 - connect_tcp.complete return_value=<httpcore._backends.anyio.AnyIOStream object at 0x0000021029477BB0>
2025-06-06 20:58:10,540 - httpcore.connection - DEBUG - [Dummy-7] - _trace.py:87 - connect_tcp.complete return_value=<httpcore._backends.anyio.AnyIOStream object at 0x00000210294044D0>
2025-06-06 20:58:10,540 - httpcore.http11 - DEBUG - [Dummy-6] - _trace.py:87 - send_request_headers.started request=<Request [b'GET']>
2025-06-06 20:58:10,540 - httpcore.http11 - DEBUG - [Dummy-7] - _trace.py:87 - send_request_headers.started request=<Request [b'GET']>
2025-06-06 20:58:10,540 - httpcore.http11 - DEBUG - [Dummy-6] - _trace.py:87 - send_request_headers.complete
2025-06-06 20:58:10,541 - httpcore.http11 - DEBUG - [Dummy-6] - _trace.py:87 - send_request_body.started request=<Request [b'GET']>
2025-06-06 20:58:10,540 - httpcore.http11 - DEBUG - [Dummy-7] - _trace.py:87 - send_request_headers.complete
2025-06-06 20:58:10,541 - httpcore.http11 - DEBUG - [Dummy-6] - _trace.py:87 - send_request_body.complete
2025-06-06 20:58:10,541 - httpcore.http11 - DEBUG - [Dummy-7] - _trace.py:87 - send_request_body.started request=<Request [b'GET']>
2025-06-06 20:58:10,541 - httpcore.http11 - DEBUG - [Dummy-6] - _trace.py:87 - receive_response_headers.started request=<Request [b'GET']>
2025-06-06 20:58:10,541 - httpcore.http11 - DEBUG - [Dummy-7] - _trace.py:87 - send_request_body.complete
2025-06-06 20:58:10,549 - httpcore.http11 - DEBUG - [Dummy-7] - _trace.py:87 - receive_response_headers.started request=<Request [b'GET']>
2025-06-06 20:58:10,555 - httpcore.http11 - DEBUG - [Dummy-6] - _trace.py:87 - receive_response_headers.complete return_value=(b'HTTP/1.1', 404, b'Not Found', [(b'date', b'Sat, 07 Jun 2025 00:58:10 GMT'), (b'server', b'uvicorn'), (b'content-length', b'22'), (b'content-type', b'application/json')])
2025-06-06 20:58:10,555 - httpx - INFO - [Dummy-6] - _client.py:1786 - HTTP Request: GET http://localhost:8000/api/v1/notifications/history?user_id=00000000-0000-0000-0000-000000000000&limit=20&offset=0 "HTTP/1.1 404 Not Found"
2025-06-06 20:58:10,555 - httpcore.http11 - DEBUG - [Dummy-7] - _trace.py:87 - receive_response_headers.complete return_value=(b'HTTP/1.1', 404, b'Not Found', [(b'date', b'Sat, 07 Jun 2025 00:58:10 GMT'), (b'server', b'uvicorn'), (b'content-length', b'22'), (b'content-type', b'application/json')])
2025-06-06 20:58:10,555 - httpcore.http11 - DEBUG - [Dummy-6] - _trace.py:87 - receive_response_body.started request=<Request [b'GET']>
2025-06-06 20:58:10,555 - httpx - INFO - [Dummy-7] - _client.py:1786 - HTTP Request: GET http://localhost:8000/api/v1/performance/strategies "HTTP/1.1 404 Not Found"
2025-06-06 20:58:10,555 - httpcore.http11 - DEBUG - [Dummy-6] - _trace.py:87 - receive_response_body.complete
2025-06-06 20:58:10,555 - httpcore.http11 - DEBUG - [Dummy-7] - _trace.py:87 - receive_response_body.started request=<Request [b'GET']>
2025-06-06 20:58:10,555 - httpcore.http11 - DEBUG - [Dummy-6] - _trace.py:87 - response_closed.started
2025-06-06 20:58:10,555 - httpcore.http11 - DEBUG - [Dummy-7] - _trace.py:87 - receive_response_body.complete
2025-06-06 20:58:10,556 - httpcore.http11 - DEBUG - [Dummy-6] - _trace.py:87 - response_closed.complete
2025-06-06 20:58:10,556 - httpcore.http11 - DEBUG - [Dummy-7] - _trace.py:87 - response_closed.started
2025-06-06 20:58:10,556 - src.ultibot_ui.services.api_client - ERROR - [Dummy-6] - api_client.py:98 - HTTP error 404 for GET http://localhost:8000/api/v1/notifications/history: {"detail":"Not Found"}
2025-06-06 20:58:10,556 - httpcore.http11 - DEBUG - [Dummy-7] - _trace.py:87 - response_closed.complete
2025-06-06 20:58:10,556 - src.ultibot_ui.workers - ERROR - [Dummy-6] - workers.py:52 - ApiWorker: APIError: APIError(status_code=404, message='API request failed with status 404: {"detail":"Not Found"}', response_json={'detail': 'Not Found'})
Traceback (most recent call last):
  File "C:\Users\zamor\UltiBotInversiones\src\ultibot_ui\services\api_client.py", line 91, in _make_request
    response.raise_for_status()
    ~~~~~~~~~~~~~~~~~~~~~~~~~^^
  File "C:\Users\zamor\UltiBotInversiones\.venv\Lib\site-packages\httpx\_models.py", line 763, in raise_for_status
    raise HTTPStatusError(message, request=request, response=self)
httpx.HTTPStatusError: Client error '404 Not Found' for url 'http://localhost:8000/api/v1/notifications/history?user_id=00000000-0000-0000-0000-000000000000&limit=20&offset=0'
For more information check: https://developer.mozilla.org/en-US/docs/Web/HTTP/Status/404

During handling of the above exception, another exception occurred:

Traceback (most recent call last):
  File "C:\Users\zamor\UltiBotInversiones\src\ultibot_ui\workers.py", line 49, in run
    result = loop.run_until_complete(coroutine)
  File "C:\Users\zamor\AppData\Local\Programs\Python\Python313\Lib\asyncio\base_events.py", line 725, in run_until_complete
    return future.result()
           ~~~~~~~~~~~~~^^
  File "C:\Users\zamor\UltiBotInversiones\src\ultibot_ui\services\api_client.py", line 725, in get_notification_history
    return await self._make_request("GET", "/api/v1/notifications/history", params=params)
           ^^^^^^^^^^^^^^^^^^^^^^^^^^^^^^^^^^^^^^^^^^^^^^^^^^^^^^^^^^^^^^^^^^^^^^^^^^^^^^^
  File "C:\Users\zamor\UltiBotInversiones\src\ultibot_ui\services\api_client.py", line 104, in _make_request
    raise APIError(
    ...<3 lines>...
    )
src.ultibot_ui.services.api_client.APIError: APIError(status_code=404, message='API request failed with status 404: {"detail":"Not Found"}', response_json={'detail': 'Not Found'})
2025-06-06 20:58:10,556 - src.ultibot_ui.services.api_client - ERROR - [Dummy-7] - api_client.py:98 - HTTP error 404 for GET http://localhost:8000/api/v1/performance/strategies: {"detail":"Not Found"}
2025-06-06 20:58:10,557 - src.ultibot_ui.services.api_client - INFO - [Dummy-6] - api_client.py:58 - Cerrando httpx.AsyncClient...
2025-06-06 20:58:10,557 - src.ultibot_ui.workers - ERROR - [Dummy-7] - workers.py:52 - ApiWorker: APIError: APIError(status_code=404, message='API request failed with status 404: {"detail":"Not Found"}', response_json={'detail': 'Not Found'})
Traceback (most recent call last):
  File "C:\Users\zamor\UltiBotInversiones\src\ultibot_ui\services\api_client.py", line 91, in _make_request
    response.raise_for_status()
    ~~~~~~~~~~~~~~~~~~~~~~~~~^^
  File "C:\Users\zamor\UltiBotInversiones\.venv\Lib\site-packages\httpx\_models.py", line 763, in raise_for_status
    raise HTTPStatusError(message, request=request, response=self)
httpx.HTTPStatusError: Client error '404 Not Found' for url 'http://localhost:8000/api/v1/performance/strategies'
For more information check: https://developer.mozilla.org/en-US/docs/Web/HTTP/Status/404

During handling of the above exception, another exception occurred:

Traceback (most recent call last):
  File "C:\Users\zamor\UltiBotInversiones\src\ultibot_ui\workers.py", line 49, in run
    result = loop.run_until_complete(coroutine)
  File "C:\Users\zamor\AppData\Local\Programs\Python\Python313\Lib\asyncio\base_events.py", line 725, in run_until_complete
    return future.result()
           ~~~~~~~~~~~~~^^
  File "C:\Users\zamor\UltiBotInversiones\src\ultibot_ui\services\api_client.py", line 632, in get_strategy_performance
    return await self._make_request("GET", endpoint, params=params)
           ^^^^^^^^^^^^^^^^^^^^^^^^^^^^^^^^^^^^^^^^^^^^^^^^^^^^^^^^
  File "C:\Users\zamor\UltiBotInversiones\src\ultibot_ui\services\api_client.py", line 104, in _make_request
    raise APIError(
    ...<3 lines>...
    )
src.ultibot_ui.services.api_client.APIError: APIError(status_code=404, message='API request failed with status 404: {"detail":"Not Found"}', response_json={'detail': 'Not Found'})
2025-06-06 20:58:10,558 - httpcore.connection - DEBUG - [Dummy-6] - _trace.py:87 - close.started
2025-06-06 20:58:10,559 - src.ultibot_ui.services.api_client - INFO - [Dummy-7] - api_client.py:58 - Cerrando httpx.AsyncClient...
2025-06-06 20:58:10,559 - httpcore.connection - DEBUG - [Dummy-7] - _trace.py:87 - close.started
2025-06-06 20:58:10,559 - httpcore.connection - DEBUG - [Dummy-6] - _trace.py:87 - close.complete
2025-06-06 20:58:10,559 - src.ultibot_ui.services.api_client - INFO - [Dummy-6] - api_client.py:60 - httpx.AsyncClient cerrado.
2025-06-06 20:58:10,559 - httpcore.connection - DEBUG - [Dummy-7] - _trace.py:87 - close.complete
2025-06-06 20:58:10,559 - src.ultibot_ui.services.api_client - INFO - [Dummy-7] - api_client.py:60 - httpx.AsyncClient cerrado.
2025-06-06 20:58:10,622 - src.ultibot_ui.windows.dashboard_view - INFO - [MainThread] - dashboard_view.py:150 - DashboardView: Tareas en paralelo completadas.
2025-06-06 20:58:10,622 - src.ultibot_ui.windows.dashboard_view - ERROR - [MainThread] - dashboard_view.py:156 - DashboardView: Error al cargar notificaciones: Error de API (404): API request failed with status 404: {"detail":"Not Found"}
Exception: Error de API (404): API request failed with status 404: {"detail":"Not Found"}
2025-06-06 20:58:10,622 - src.ultibot_ui.windows.dashboard_view - ERROR - [MainThread] - dashboard_view.py:682 - DashboardView: Error de API general: Error al cargar notificaciones: Error de API (404): API request failed with status 404: {"detail":"Not Found"}
2025-06-06 20:58:11,853 - httpcore.http11 - DEBUG - [Dummy-4] - _trace.py:87 - receive_response_headers.complete return_value=(b'HTTP/1.1', 200, b'OK', [(b'date', b'Sat, 07 Jun 2025 00:58:09 GMT'), (b'server', b'uvicorn'), (b'content-length', b'309'), (b'content-type', b'application/json')])
2025-06-06 20:58:11,853 - httpx - INFO - [Dummy-4] - _client.py:1786 - HTTP Request: GET http://localhost:8000/api/v1/portfolio/paper/performance_summary?start_date=2025-05-07T00%3A00%3A00&end_date=2025-06-06T23%3A59%3A59.999999 "HTTP/1.1 200 OK"
2025-06-06 20:58:11,853 - httpcore.http11 - DEBUG - [Dummy-4] - _trace.py:87 - receive_response_body.started request=<Request [b'GET']>
2025-06-06 20:58:11,854 - httpcore.http11 - DEBUG - [Dummy-4] - _trace.py:87 - receive_response_body.complete
2025-06-06 20:58:11,854 - httpcore.http11 - DEBUG - [Dummy-4] - _trace.py:87 - response_closed.started
2025-06-06 20:58:11,854 - httpcore.http11 - DEBUG - [Dummy-4] - _trace.py:87 - response_closed.complete
2025-06-06 20:58:11,855 - src.ultibot_ui.widgets.paper_trading_report_widget - INFO - [MainThread] - paper_trading_report_widget.py:336 - Métricas de rendimiento cargadas exitosamente
2025-06-06 20:58:14,318 - src.ultibot_ui.windows.dashboard_view - ERROR - [MainThread] - dashboard_view.py:170 - DashboardView: Error al cargar desempeño de estrategias: Error de API (404): API request failed with status 404: {"detail":"Not Found"}
Exception: Error de API (404): API request failed with status 404: {"detail":"Not Found"}
2025-06-06 20:58:14,318 - src.ultibot_ui.windows.dashboard_view - ERROR - [MainThread] - dashboard_view.py:682 - DashboardView: Error de API general: Error al cargar desempeño de estrategias: Error de API (404): API request failed with status 404: {"detail":"Not Found"}
2025-06-06 20:58:14,534 - src.ultibot_ui.workers - DEBUG - [MainThread] - workers.py:31 - ApiWorker initialized with base_url: <coroutine object UltiBotAPIClient.get_notification_history at 0x000002102943C040>, token: absent, coroutine_factory: set
2025-06-06 20:58:14,871 - src.ultibot_ui.windows.dashboard_view - INFO - [MainThread] - dashboard_view.py:183 - DashboardView: Iniciando market_data_widget.load_initial_configuration (no-bloqueante)...
2025-06-06 20:58:14,871 - src.ultibot_ui.widgets.market_data_widget - INFO - [MainThread] - market_data_widget.py:179 - Cargando configuración inicial para MarketDataWidget...
2025-06-06 20:58:14,871 - src.ultibot_ui.workers - DEBUG - [MainThread] - workers.py:31 - ApiWorker initialized with base_url: http://localhost:8000, token: absent, coroutine_factory: set
2025-06-06 20:58:14,871 - src.ultibot_ui.widgets.market_data_widget - INFO - [MainThread] - market_data_widget.py:186 - load_initial_configuration: Llamada a get_user_configuration programada.
2025-06-06 20:58:14,871 - src.ultibot_ui.windows.dashboard_view - INFO - [MainThread] - dashboard_view.py:186 - DashboardView: market_data_widget.load_initial_configuration INICIADO.
2025-06-06 20:58:14,871 - src.ultibot_ui.windows.dashboard_view - WARNING - [MainThread] - dashboard_view.py:198 - DashboardView: Carga paralela de componentes asíncronos principales completada, PERO con errores en uno o más componentes.
2025-06-06 20:58:14,871 - src.ultibot_ui.windows.dashboard_view - INFO - [MainThread] - dashboard_view.py:205 - DashboardView: Emitiendo initialization_complete. Estado de carga exitosa: False
2025-06-06 20:58:14,871 - src.ultibot_ui.windows.main_window - INFO - [MainThread] - main_window.py:512 - MainWindow: _on_dashboard_initialized INVOCADO.
2025-06-06 20:58:14,871 - src.ultibot_ui.windows.main_window - INFO - [MainThread] - main_window.py:513 - MainWindow: DashboardView inicializado. Cargando estrategias...
2025-06-06 20:58:14,871 - asyncio - DEBUG - [Dummy-8] - selector_events.py:64 - Using selector: SelectSelector
2025-06-06 20:58:14,872 - httpx - DEBUG - [MainThread] - _config.py:82 - load_ssl_context verify=True cert=None trust_env=True http2=False
2025-06-06 20:58:14,872 - httpx - DEBUG - [MainThread] - _config.py:148 - load_verify_locations cafile='C:\\Users\\zamor\\UltiBotInversiones\\.venv\\Lib\\site-packages\\certifi\\cacert.pem'
2025-06-06 20:58:14,872 - httpx - DEBUG - [Dummy-8] - _config.py:82 - load_ssl_context verify=True cert=None trust_env=True http2=False
2025-06-06 20:58:14,873 - httpx - DEBUG - [Dummy-8] - _config.py:148 - load_verify_locations cafile='C:\\Users\\zamor\\UltiBotInversiones\\.venv\\Lib\\site-packages\\certifi\\cacert.pem'
2025-06-06 20:58:15,123 - src.ultibot_ui.services.api_client - INFO - [Dummy-8] - api_client.py:266 - Obteniendo configuración de usuario.
2025-06-06 20:58:15,124 - src.ultibot_ui.services.api_client - DEBUG - [Dummy-8] - api_client.py:79 - APIClient: _make_request_invoked for GET /api/v1/config
2025-06-06 20:58:15,124 - httpcore.connection - DEBUG - [Dummy-8] - _trace.py:87 - connect_tcp.started host='localhost' port=8000 local_address=None timeout=30.0 socket_options=None
2025-06-06 20:58:15,124 - src.ultibot_ui.services.api_client - INFO - [MainThread] - api_client.py:359 - Obteniendo todas las configuraciones de estrategias.
2025-06-06 20:58:15,124 - src.ultibot_ui.services.api_client - DEBUG - [MainThread] - api_client.py:79 - APIClient: _make_request_invoked for GET /api/v1/strategies
2025-06-06 20:58:15,126 - httpcore.connection - DEBUG - [MainThread] - _trace.py:87 - connect_tcp.started host='localhost' port=8000 local_address=None timeout=30.0 socket_options=None
2025-06-06 20:58:15,126 - qasync.QThreadExecutor - DEBUG - [MainThread] - __init__.py:201 - Submitting callback <function getaddrinfo at 0x0000021077AB8E00> with args (b'localhost', 8000, <AddressFamily.AF_UNSPEC: 0>, <SocketKind.SOCK_STREAM: 1>, 0, 0) and kwargs {} to thread worker queue
2025-06-06 20:58:15,126 - qasync._QThreadWorker - DEBUG - [Dummy-9] - __init__.py:135 - #1 got callback <function getaddrinfo at 0x0000021077AB8E00> with args (b'localhost', 8000, <AddressFamily.AF_UNSPEC: 0>, <SocketKind.SOCK_STREAM: 1>, 0, 0) and kwargs {} from queue
2025-06-06 20:58:15,126 - qasync._QThreadWorker - DEBUG - [Dummy-9] - __init__.py:143 - Invoking callback
2025-06-06 20:58:15,127 - qasync._QThreadWorker - DEBUG - [Dummy-9] - __init__.py:150 - Setting Future result: [(<AddressFamily.AF_INET6: 23>, <SocketKind.SOCK_STREAM: 1>, 0, '', ('::1', 8000, 0, 0)), (<AddressFamily.AF_INET: 2>, <SocketKind.SOCK_STREAM: 1>, 0, '', ('127.0.0.1', 8000))]
2025-06-06 20:58:15,377 - qasync._windows._EventWorker - DEBUG - [Dummy-1] - _windows.py:198 - Got events from poll: [(<_OverlappedFuture pending cb=[Task.task_wakeup()]>, <function IocpProactor.connect.<locals>.finish_connect at 0x0000021031B54F40>, 0, 0, <_overlapped.Overlapped object at 0x0000021031AF5170>)]
2025-06-06 20:58:15,378 - qasync._QEventLoop - DEBUG - [MainThread] - _windows.py:42 - Invoking event callback <function IocpProactor.connect.<locals>.finish_connect at 0x0000021031B54F40>
2025-06-06 20:58:15,378 - httpcore.connection - DEBUG - [MainThread] - _trace.py:87 - connect_tcp.complete return_value=<httpcore._backends.anyio.AnyIOStream object at 0x000002102E147BD0>
2025-06-06 20:58:15,378 - httpcore.http11 - DEBUG - [MainThread] - _trace.py:87 - send_request_headers.started request=<Request [b'GET']>
2025-06-06 20:58:15,379 - httpcore.http11 - DEBUG - [MainThread] - _trace.py:87 - send_request_headers.complete
2025-06-06 20:58:15,379 - httpcore.http11 - DEBUG - [MainThread] - _trace.py:87 - send_request_body.started request=<Request [b'GET']>
2025-06-06 20:58:15,380 - httpcore.http11 - DEBUG - [MainThread] - _trace.py:87 - send_request_body.complete
2025-06-06 20:58:15,380 - httpcore.connection - DEBUG - [Dummy-8] - _trace.py:87 - connect_tcp.complete return_value=<httpcore._backends.anyio.AnyIOStream object at 0x0000021031B6C380>
2025-06-06 20:58:15,380 - httpcore.http11 - DEBUG - [MainThread] - _trace.py:87 - receive_response_headers.started request=<Request [b'GET']>
2025-06-06 20:58:15,380 - httpcore.http11 - DEBUG - [Dummy-8] - _trace.py:87 - send_request_headers.started request=<Request [b'GET']>
2025-06-06 20:58:15,381 - httpcore.http11 - DEBUG - [Dummy-8] - _trace.py:87 - send_request_headers.complete
2025-06-06 20:58:15,381 - httpcore.http11 - DEBUG - [Dummy-8] - _trace.py:87 - send_request_body.started request=<Request [b'GET']>
2025-06-06 20:58:15,381 - httpcore.http11 - DEBUG - [Dummy-8] - _trace.py:87 - send_request_body.complete
2025-06-06 20:58:15,381 - httpcore.http11 - DEBUG - [Dummy-8] - _trace.py:87 - receive_response_headers.started request=<Request [b'GET']>
2025-06-06 20:58:15,382 - httpcore.http11 - DEBUG - [Dummy-8] - _trace.py:87 - receive_response_headers.complete return_value=(b'HTTP/1.1', 200, b'OK', [(b'date', b'Sat, 07 Jun 2025 00:58:14 GMT'), (b'server', b'uvicorn'), (b'content-length', b'1001'), (b'content-type', b'application/json')])
2025-06-06 20:58:15,382 - httpx - INFO - [Dummy-8] - _client.py:1786 - HTTP Request: GET http://localhost:8000/api/v1/config "HTTP/1.1 200 OK"
2025-06-06 20:58:15,382 - httpcore.http11 - DEBUG - [Dummy-8] - _trace.py:87 - receive_response_body.started request=<Request [b'GET']>
2025-06-06 20:58:15,382 - httpcore.http11 - DEBUG - [Dummy-8] - _trace.py:87 - receive_response_body.complete
2025-06-06 20:58:15,382 - httpcore.http11 - DEBUG - [Dummy-8] - _trace.py:87 - response_closed.started
2025-06-06 20:58:15,383 - httpcore.http11 - DEBUG - [Dummy-8] - _trace.py:87 - response_closed.complete
2025-06-06 20:58:15,383 - src.ultibot_ui.services.api_client - INFO - [Dummy-8] - api_client.py:58 - Cerrando httpx.AsyncClient...
2025-06-06 20:58:15,383 - httpcore.connection - DEBUG - [Dummy-8] - _trace.py:87 - close.started
2025-06-06 20:58:15,383 - src.ultibot_ui.widgets.market_data_widget - INFO - [MainThread] - market_data_widget.py:175 - Configuración cargada: Pares seleccionados: ['BTC/USDT', 'ETH/USDT'], Intervalo: 30000ms
2025-06-06 20:58:15,383 - src.ultibot_ui.widgets.market_data_widget - INFO - [MainThread] - market_data_widget.py:236 - Actualizando datos de tickers para: ['BTC/USDT', 'ETH/USDT'] (refactorizado)
2025-06-06 20:58:15,383 - src.ultibot_ui.workers - DEBUG - [MainThread] - workers.py:31 - ApiWorker initialized with base_url: http://localhost:8000, token: absent, coroutine_factory: set
2025-06-06 20:58:15,383 - httpcore.connection - DEBUG - [Dummy-8] - _trace.py:87 - close.complete
2025-06-06 20:58:15,384 - src.ultibot_ui.services.api_client - INFO - [Dummy-8] - api_client.py:60 - httpx.AsyncClient cerrado.
2025-06-06 20:58:15,384 - src.ultibot_ui.widgets.market_data_widget - INFO - [MainThread] - market_data_widget.py:248 - update_tickers_data: Llamada a get_ticker_data programada.
2025-06-06 20:58:15,384 - asyncio - DEBUG - [Dummy-10] - selector_events.py:64 - Using selector: SelectSelector
2025-06-06 20:58:15,385 - httpx - DEBUG - [Dummy-10] - _config.py:82 - load_ssl_context verify=True cert=None trust_env=True http2=False
2025-06-06 20:58:15,385 - httpx - DEBUG - [Dummy-10] - _config.py:148 - load_verify_locations cafile='C:\\Users\\zamor\\UltiBotInversiones\\.venv\\Lib\\site-packages\\certifi\\cacert.pem'
2025-06-06 20:58:15,551 - src.ultibot_ui.services.api_client - INFO - [Dummy-10] - api_client.py:654 - Obteniendo datos de ticker para usuario 00000000-0000-0000-0000-000000000000 y símbolos: ['BTC/USDT', 'ETH/USDT']
2025-06-06 20:58:15,551 - src.ultibot_ui.services.api_client - DEBUG - [Dummy-10] - api_client.py:79 - APIClient: _make_request_invoked for GET /api/v1/market/tickers
2025-06-06 20:58:15,551 - httpcore.connection - DEBUG - [Dummy-10] - _trace.py:87 - connect_tcp.started host='localhost' port=8000 local_address=None timeout=30.0 socket_options=None
2025-06-06 20:58:15,567 - src.ultibot_ui.widgets.paper_trading_report_widget - ERROR - [MainThread] - paper_trading_report_widget.py:483 - Error mostrado al usuario: Error cargando datos: APIError(status_code=404, message='API request failed with status 404: {"detail":"Not Found"}', response_json={'detail': 'Not Found'})
2025-06-06 20:58:15,823 - httpcore.connection - DEBUG - [Dummy-10] - _trace.py:87 - connect_tcp.complete return_value=<httpcore._backends.anyio.AnyIOStream object at 0x0000021029473450>
2025-06-06 20:58:15,824 - httpcore.http11 - DEBUG - [Dummy-10] - _trace.py:87 - send_request_headers.started request=<Request [b'GET']>
2025-06-06 20:58:15,824 - httpcore.http11 - DEBUG - [Dummy-10] - _trace.py:87 - send_request_headers.complete
2025-06-06 20:58:15,825 - httpcore.http11 - DEBUG - [Dummy-10] - _trace.py:87 - send_request_body.started request=<Request [b'GET']>
2025-06-06 20:58:15,825 - httpcore.http11 - DEBUG - [Dummy-10] - _trace.py:87 - send_request_body.complete
2025-06-06 20:58:15,826 - httpcore.http11 - DEBUG - [Dummy-10] - _trace.py:87 - receive_response_headers.started request=<Request [b'GET']>
2025-06-06 20:58:16,623 - httpcore.http11 - DEBUG - [Dummy-10] - _trace.py:87 - receive_response_headers.complete return_value=(b'HTTP/1.1', 200, b'OK', [(b'date', b'Sat, 07 Jun 2025 00:58:14 GMT'), (b'server', b'uvicorn'), (b'content-length', b'204'), (b'content-type', b'application/json')])
2025-06-06 20:58:16,623 - httpx - INFO - [Dummy-10] - _client.py:1786 - HTTP Request: GET http://localhost:8000/api/v1/market/tickers?user_id=00000000-0000-0000-0000-000000000000&symbols=BTC%2FUSDT%2CETH%2FUSDT "HTTP/1.1 200 OK"
2025-06-06 20:58:16,623 - httpcore.http11 - DEBUG - [Dummy-10] - _trace.py:87 - receive_response_body.started request=<Request [b'GET']>
2025-06-06 20:58:16,623 - httpcore.http11 - DEBUG - [Dummy-10] - _trace.py:87 - receive_response_body.complete
2025-06-06 20:58:16,623 - httpcore.http11 - DEBUG - [Dummy-10] - _trace.py:87 - response_closed.started
2025-06-06 20:58:16,624 - httpcore.http11 - DEBUG - [Dummy-10] - _trace.py:87 - response_closed.complete
2025-06-06 20:58:16,624 - src.ultibot_ui.services.api_client - INFO - [Dummy-10] - api_client.py:58 - Cerrando httpx.AsyncClient...
2025-06-06 20:58:16,624 - httpcore.connection - DEBUG - [Dummy-10] - _trace.py:87 - close.started
2025-06-06 20:58:16,624 - httpcore.connection - DEBUG - [Dummy-10] - _trace.py:87 - close.complete
2025-06-06 20:58:16,624 - src.ultibot_ui.services.api_client - INFO - [Dummy-10] - api_client.py:60 - httpx.AsyncClient cerrado.
2025-06-06 20:58:16,723 - qasync._windows._EventPoller - DEBUG - [MainThread] - _windows.py:218 - Stopping worker thread...
2025-06-06 20:58:16,732 - qasync._windows._EventWorker - DEBUG - [Dummy-1] - _windows.py:201 - Exiting thread
2025-06-06 20:58:16,734 - src.ultibot_ui.widgets.market_data_widget - INFO - [MainThread] - market_data_widget.py:233 - Datos de tickers actualizados en la tabla.
2025-06-06 20:58:16,734 - qasync._windows._EventPoller - DEBUG - [MainThread] - _windows.py:213 - Starting (proactor: <_IocpProactor overlapped#=1 result#=0>)...
2025-06-06 20:58:16,735 - qasync._windows._EventWorker - DEBUG - [Dummy-11] - _windows.py:192 - Thread started
2025-06-06 20:58:16,735 - __main__ - INFO - [MainThread] - main.py:572 - Cleaning up resources...
2025-06-06 20:58:16,842 - __main__ - INFO - [MainThread] - main.py:581 - Cleanup complete.
2025-06-06 20:58:16,842 - qasync._windows._EventPoller - DEBUG - [MainThread] - _windows.py:218 - Stopping worker thread...
2025-06-06 20:58:16,857 - qasync._windows._EventWorker - DEBUG - [Dummy-11] - _windows.py:201 - Exiting thread
2025-06-06 20:58:16,858 - qasync.QThreadExecutor - DEBUG - [MainThread] - __init__.py:219 - Shutting down
2025-06-06 20:58:16,858 - qasync._QThreadWorker - DEBUG - [MainThread] - __init__.py:158 - Waiting for thread #1 to stop...
2025-06-06 20:58:16,858 - qasync._QThreadWorker - DEBUG - [Dummy-12] - __init__.py:155 - Thread #5 stopped
2025-06-06 20:58:16,859 - qasync._QThreadWorker - DEBUG - [Dummy-13] - __init__.py:155 - Thread #4 stopped
2025-06-06 20:58:16,859 - qasync._QThreadWorker - DEBUG - [Dummy-14] - __init__.py:155 - Thread #8 stopped
2025-06-06 20:58:16,859 - qasync._QThreadWorker - DEBUG - [Dummy-15] - __init__.py:155 - Thread #9 stopped
2025-06-06 20:58:16,859 - qasync._QThreadWorker - DEBUG - [Dummy-16] - __init__.py:155 - Thread #10 stopped
2025-06-06 20:58:16,859 - qasync._QThreadWorker - DEBUG - [Dummy-17] - __init__.py:155 - Thread #2 stopped
2025-06-06 20:58:16,859 - qasync._QThreadWorker - DEBUG - [Dummy-18] - __init__.py:155 - Thread #6 stopped
2025-06-06 20:58:16,859 - qasync._QThreadWorker - DEBUG - [Dummy-19] - __init__.py:155 - Thread #7 stopped
2025-06-06 20:58:16,859 - qasync._QThreadWorker - DEBUG - [Dummy-20] - __init__.py:155 - Thread #3 stopped
2025-06-06 20:58:16,859 - qasync._QThreadWorker - DEBUG - [Dummy-9] - __init__.py:155 - Thread #1 stopped
2025-06-06 20:58:16,861 - qasync._QThreadWorker - DEBUG - [MainThread] - __init__.py:158 - Waiting for thread #2 to stop...
2025-06-06 20:58:16,861 - qasync._QThreadWorker - DEBUG - [MainThread] - __init__.py:158 - Waiting for thread #3 to stop...
2025-06-06 20:58:16,861 - qasync._QThreadWorker - DEBUG - [MainThread] - __init__.py:158 - Waiting for thread #4 to stop...
2025-06-06 20:58:16,861 - qasync._QThreadWorker - DEBUG - [MainThread] - __init__.py:158 - Waiting for thread #5 to stop...
2025-06-06 20:58:16,861 - qasync._QThreadWorker - DEBUG - [MainThread] - __init__.py:158 - Waiting for thread #6 to stop...
2025-06-06 20:58:16,861 - qasync._QThreadWorker - DEBUG - [MainThread] - __init__.py:158 - Waiting for thread #7 to stop...
2025-06-06 20:58:16,861 - qasync._QThreadWorker - DEBUG - [MainThread] - __init__.py:158 - Waiting for thread #8 to stop...
2025-06-06 20:58:16,861 - qasync._QThreadWorker - DEBUG - [MainThread] - __init__.py:158 - Waiting for thread #9 to stop...
2025-06-06 20:58:16,861 - qasync._QThreadWorker - DEBUG - [MainThread] - __init__.py:158 - Waiting for thread #10 to stop...
2025-06-06 20:58:16,861 - qasync._windows._IocpProactor - DEBUG - [MainThread] - _windows.py:75 - Closing
2025-06-06 20:58:16,861 - __main__ - INFO - [MainThread] - main.py:681 - Exiting with code 0
2025-06-06 21:10:14,464 - asyncio - DEBUG - [MainThread] - proactor_events.py:631 - Using proactor: _IocpProactor
2025-06-06 21:10:14,467 - qasync._windows._EventPoller - DEBUG - [MainThread] - _windows.py:213 - Starting (proactor: <_IocpProactor overlapped#=0 result#=0>)...
2025-06-06 21:10:14,467 - qasync._windows._EventWorker - DEBUG - [Dummy-1] - _windows.py:192 - Thread started
2025-06-06 21:10:14,467 - __main__ - INFO - [MainThread] - main.py:516 - QApplication instance confirmed.
2025-06-06 21:10:14,472 - qdarkstyle - DEBUG - [MainThread] - __init__.py:260 - Reading QSS file in: :qdarkstyle\dark\darkstyle.qss
2025-06-06 21:10:14,472 - qdarkstyle - INFO - [MainThread] - __init__.py:270 - QSS file successfully loaded.
2025-06-06 21:10:14,472 - qdarkstyle - DEBUG - [MainThread] - __init__.py:277 - Checking patches for being applied.
2025-06-06 21:10:14,501 - qdarkstyle - INFO - [MainThread] - __init__.py:173 - Found version patches to be applied.
2025-06-06 21:10:14,501 - qdarkstyle - INFO - [MainThread] - __init__.py:193 - Found application patches to be applied.
2025-06-06 21:10:14,502 - __main__ - INFO - [MainThread] - main.py:501 - Applied dark theme to the application.
2025-06-06 21:10:14,502 - __main__ - INFO - [MainThread] - main.py:599 - Skipping login dialog for development.
2025-06-06 21:10:14,502 - __main__ - INFO - [MainThread] - main.py:607 - Auth token found in environment. Proceeding directly to main application.
2025-06-06 21:10:14,502 - httpx - DEBUG - [MainThread] - _config.py:82 - load_ssl_context verify=True cert=None trust_env=True http2=False
2025-06-06 21:10:14,504 - httpx - DEBUG - [MainThread] - _config.py:148 - load_verify_locations cafile='C:\\Users\\zamor\\UltiBotInversiones\\.venv\\Lib\\site-packages\\certifi\\cacert.pem'
2025-06-06 21:10:14,688 - __main__ - INFO - [MainThread] - main.py:521 - Core services can be initialized.
2025-06-06 21:10:14,688 - src.ultibot_ui.services.api_client - INFO - [MainThread] - api_client.py:46 - Cerrando httpx.AsyncClient...
2025-06-06 21:10:14,694 - src.ultibot_ui.services.api_client - INFO - [MainThread] - api_client.py:48 - httpx.AsyncClient cerrado.
2025-06-06 21:10:14,695 - __main__ - INFO - [MainThread] - main.py:612 - Fetching user configuration...
2025-06-06 21:10:14,695 - __main__ - INFO - [MainThread] - main.py:533 - Fetching user configuration for 00000000-0000-0000-0000-000000000000...
2025-06-06 21:10:14,695 - src.ultibot_ui.workers - DEBUG - [MainThread] - workers.py:31 - ApiWorker initialized with base_url: http://localhost:8000, token: present, coroutine_factory: set
2025-06-06 21:10:14,695 - asyncio - DEBUG - [Dummy-2] - selector_events.py:64 - Using selector: SelectSelector
2025-06-06 21:10:14,696 - httpx - DEBUG - [Dummy-2] - _config.py:82 - load_ssl_context verify=True cert=None trust_env=True http2=False
2025-06-06 21:10:14,697 - httpx - DEBUG - [Dummy-2] - _config.py:148 - load_verify_locations cafile='C:\\Users\\zamor\\UltiBotInversiones\\.venv\\Lib\\site-packages\\certifi\\cacert.pem'
2025-06-06 21:10:14,884 - src.ultibot_ui.services.api_client - INFO - [Dummy-2] - api_client.py:87 - Obteniendo configuración de usuario.
2025-06-06 21:10:14,884 - src.ultibot_ui.services.api_client - DEBUG - [Dummy-2] - api_client.py:53 - APIClient: _make_request_invoked for GET /api/v1/config
2025-06-06 21:10:14,884 - httpcore.connection - DEBUG - [Dummy-2] - _trace.py:87 - connect_tcp.started host='localhost' port=8000 local_address=None timeout=30.0 socket_options=None
2025-06-06 21:10:15,155 - httpcore.connection - DEBUG - [Dummy-2] - _trace.py:87 - connect_tcp.complete return_value=<httpcore._backends.anyio.AnyIOStream object at 0x0000023F2DAE06E0>
2025-06-06 21:10:15,155 - httpcore.http11 - DEBUG - [Dummy-2] - _trace.py:87 - send_request_headers.started request=<Request [b'GET']>
2025-06-06 21:10:15,156 - httpcore.http11 - DEBUG - [Dummy-2] - _trace.py:87 - send_request_headers.complete
2025-06-06 21:10:15,156 - httpcore.http11 - DEBUG - [Dummy-2] - _trace.py:87 - send_request_body.started request=<Request [b'GET']>
2025-06-06 21:10:15,156 - httpcore.http11 - DEBUG - [Dummy-2] - _trace.py:87 - send_request_body.complete
2025-06-06 21:10:15,156 - httpcore.http11 - DEBUG - [Dummy-2] - _trace.py:87 - receive_response_headers.started request=<Request [b'GET']>
2025-06-06 21:10:15,158 - httpcore.http11 - DEBUG - [Dummy-2] - _trace.py:87 - receive_response_headers.complete return_value=(b'HTTP/1.1', 200, b'OK', [(b'date', b'Sat, 07 Jun 2025 01:10:14 GMT'), (b'server', b'uvicorn'), (b'content-length', b'1001'), (b'content-type', b'application/json')])
2025-06-06 21:10:15,158 - httpx - INFO - [Dummy-2] - _client.py:1786 - HTTP Request: GET http://localhost:8000/api/v1/config "HTTP/1.1 200 OK"
2025-06-06 21:10:15,158 - httpcore.http11 - DEBUG - [Dummy-2] - _trace.py:87 - receive_response_body.started request=<Request [b'GET']>
2025-06-06 21:10:15,158 - httpcore.http11 - DEBUG - [Dummy-2] - _trace.py:87 - receive_response_body.complete
2025-06-06 21:10:15,159 - httpcore.http11 - DEBUG - [Dummy-2] - _trace.py:87 - response_closed.started
2025-06-06 21:10:15,159 - httpcore.http11 - DEBUG - [Dummy-2] - _trace.py:87 - response_closed.complete
2025-06-06 21:10:15,159 - src.ultibot_ui.services.api_client - INFO - [Dummy-2] - api_client.py:46 - Cerrando httpx.AsyncClient...
2025-06-06 21:10:15,159 - httpcore.connection - DEBUG - [Dummy-2] - _trace.py:87 - close.started
2025-06-06 21:10:15,159 - httpcore.connection - DEBUG - [Dummy-2] - _trace.py:87 - close.complete
2025-06-06 21:10:15,159 - src.ultibot_ui.services.api_client - INFO - [Dummy-2] - api_client.py:48 - httpx.AsyncClient cerrado.
2025-06-06 21:10:15,527 - src.ultibot_ui.services.trading_mode_state - INFO - [MainThread] - trading_mode_state.py:68 - TradingModeStateManager initialized with mode: paper
2025-06-06 21:10:15,527 - src.ultibot_ui.services.trading_mode_state - INFO - [MainThread] - trading_mode_state.py:226 - Created global trading mode state manager
2025-06-06 21:10:15,528 - src.ultibot_ui.widgets.trading_mode_selector - INFO - [MainThread] - trading_mode_selector.py:55 - TradingModeSelector initialized with style: toggle
2025-06-06 21:10:15,562 - src.ultibot_ui.widgets.portfolio_widget - INFO - [MainThread] - portfolio_widget.py:406 - Timer de actualización del portafolio iniciado.
2025-06-06 21:10:15,578 - src.ultibot_ui.widgets.portfolio_widget - INFO - [MainThread] - portfolio_widget.py:433 - Actualizando datos del portafolio para modo: paper
2025-06-06 21:10:15,578 - __main__ - CRITICAL - [MainThread] - main.py:630 - Application initialization failed: QWidget(parent: Optional[QWidget] = None, flags: Union[Qt.WindowFlags, Qt.WindowType] = Qt.WindowFlags()): argument 1 has unexpected type 'str'
Traceback (most recent call last):
  File "C:\Users\zamor\UltiBotInversiones\src\ultibot_ui\main.py", line 620, in run_application
    main_window = ultibot_app.create_main_window()
  File "C:\Users\zamor\UltiBotInversiones\src\ultibot_ui\main.py", line 562, in create_main_window
    main_window = MainWindow(
        user_id=self.user_id,
    ...<2 lines>...
        auth_token=self.auth_token # Pasar el token
    )
  File "C:\Users\zamor\UltiBotInversiones\src\ultibot_ui\windows\main_window.py", line 121, in __init__
    self._setup_central_widget(parent_widget=self._central_content_widget)
    ~~~~~~~~~~~~~~~~~~~~~~~~~~^^^^^^^^^^^^^^^^^^^^^^^^^^^^^^^^^^^^^^^^^^^^
  File "C:\Users\zamor\UltiBotInversiones\src\ultibot_ui\windows\main_window.py", line 430, in _setup_central_widget
    self.dashboard_view = DashboardView(
                          ~~~~~~~~~~~~~^
        user_id=self.user_id,
        ^^^^^^^^^^^^^^^^^^^^^
    ...<2 lines>...
        # notification_service, persistence_service
        ^^^^^^^^^^^^^^^^^^^^^^^^^^^^^^^^^^^^^^^^^^^
    )
    ^
  File "C:\Users\zamor\UltiBotInversiones\src\ultibot_ui\windows\dashboard_view.py", line 48, in __init__
    self._setup_ui()
    ~~~~~~~~~~~~~~^^
  File "C:\Users\zamor\UltiBotInversiones\src\ultibot_ui\windows\dashboard_view.py", line 242, in _setup_ui
    self.chart_widget = ChartWidget(self.user_id, self.backend_base_url)
                        ~~~~~~~~~~~^^^^^^^^^^^^^^^^^^^^^^^^^^^^^^^^^^^^^
  File "C:\Users\zamor\UltiBotInversiones\src\ultibot_ui\widgets\chart_widget.py", line 28, in __init__
    super().__init__(parent)
    ~~~~~~~~~~~~~~~~^^^^^^^^
TypeError: QWidget(parent: Optional[QWidget] = None, flags: Union[Qt.WindowFlags, Qt.WindowType] = Qt.WindowFlags()): argument 1 has unexpected type 'str'
2025-06-06 21:10:15,694 - qasync._QEventLoop - ERROR - [MainThread] - __init__.py:736 - Exception in callback <_asyncio.TaskStepMethWrapper object at 0x0000023F2DAF5510>()
handle: <Handle <_asyncio.TaskStepMethWrapper object at 0x0000023F2DAF5510>()>
Traceback (most recent call last):
  File "C:\Users\zamor\UltiBotInversiones\src\ultibot_ui\main.py", line 620, in run_application
    main_window = ultibot_app.create_main_window()
  File "C:\Users\zamor\UltiBotInversiones\src\ultibot_ui\main.py", line 562, in create_main_window
    main_window = MainWindow(
        user_id=self.user_id,
    ...<2 lines>...
        auth_token=self.auth_token # Pasar el token
    )
  File "C:\Users\zamor\UltiBotInversiones\src\ultibot_ui\windows\main_window.py", line 121, in __init__
    self._setup_central_widget(parent_widget=self._central_content_widget)
    ~~~~~~~~~~~~~~~~~~~~~~~~~~^^^^^^^^^^^^^^^^^^^^^^^^^^^^^^^^^^^^^^^^^^^^
  File "C:\Users\zamor\UltiBotInversiones\src\ultibot_ui\windows\main_window.py", line 430, in _setup_central_widget
    self.dashboard_view = DashboardView(
                          ~~~~~~~~~~~~~^
        user_id=self.user_id,
        ^^^^^^^^^^^^^^^^^^^^^
    ...<2 lines>...
        # notification_service, persistence_service
        ^^^^^^^^^^^^^^^^^^^^^^^^^^^^^^^^^^^^^^^^^^^
    )
    ^
  File "C:\Users\zamor\UltiBotInversiones\src\ultibot_ui\windows\dashboard_view.py", line 48, in __init__
    self._setup_ui()
    ~~~~~~~~~~~~~~^^
  File "C:\Users\zamor\UltiBotInversiones\src\ultibot_ui\windows\dashboard_view.py", line 242, in _setup_ui
    self.chart_widget = ChartWidget(self.user_id, self.backend_base_url)
                        ~~~~~~~~~~~^^^^^^^^^^^^^^^^^^^^^^^^^^^^^^^^^^^^^
  File "C:\Users\zamor\UltiBotInversiones\src\ultibot_ui\widgets\chart_widget.py", line 28, in __init__
    super().__init__(parent)
    ~~~~~~~~~~~~~~~~^^^^^^^^
TypeError: QWidget(parent: Optional[QWidget] = None, flags: Union[Qt.WindowFlags, Qt.WindowType] = Qt.WindowFlags()): argument 1 has unexpected type 'str'

During handling of the above exception, another exception occurred:

Traceback (most recent call last):
  File "C:\Users\zamor\AppData\Local\Programs\Python\Python313\Lib\asyncio\events.py", line 89, in _run
    self._context.run(self._callback, *self._args)
    ~~~~~~~~~~~~~~~~~^^^^^^^^^^^^^^^^^^^^^^^^^^^^^
RuntimeError: Cannot enter into task <Task pending name='Task-4' coro=<PortfolioWidget._start_update_worker.<locals>._get_empty_data() running at C:\Users\zamor\UltiBotInversiones\src\ultibot_ui\widgets\portfolio_widget.py:445> cb=[PortfolioWidget._start_update_worker.<locals>.<lambda>() at C:\Users\zamor\UltiBotInversiones\src\ultibot_ui\widgets\portfolio_widget.py:456]> while another task <Task pending name='Task-1' coro=<run_application() running at C:\Users\zamor\UltiBotInversiones\src\ultibot_ui\main.py:631> cb=[_QEventLoop.run_until_complete.<locals>.stop() at C:\Users\zamor\UltiBotInversiones\.venv\Lib\site-packages\qasync\__init__.py:396]> is being executed.
